// 同步 ID: 4dd5d050 @ Tue Jul 21 16:11:00 UTC 2026
// 重构日志: f541218e
// 重构日志: b0353509
// 同步 ID: 5146d1fe @ Wed Jul 22 08:33:44 UTC 2026
// 重构日志: 770e871b
// 重构日志: f04ab7a5
// 重构日志: a730a51d
// 同步 ID: 4b7fcdb1 @ Thu Jul 23 10:54:46 UTC 2026
// 重构日志: e1767893
// 同步 ID: e53bd730 @ Fri Jul 24 01:32:41 UTC 2026
// 同步 ID: 5b1220ea @ Fri Jul 24 05:45:20 UTC 2026
// 重构日志: 19f7c7fb
// 重构日志: 33f64882
// 重构日志: 9341da28
// 同步 ID: 8c1926f3 @ Sat Jul 25 01:57:13 UTC 2026
// 重构日志: 97325988
// 重构日志: 0466fc29
// 重构日志: 12f5ca94
// 同步 ID: 2a604c5b @ Sun Jul 26 01:32:52 UTC 2026
// 重构日志: b708a0fe
// 重构日志: 8bb4a6da
// 重构日志: cd6f589d
// 重构日志: 47fd8794
// 同步 ID: b4f294b9 @ Wed Jul 29 05:38:18 UTC 2026
// 同步 ID: 788954a2 @ Wed Jul 29 13:35:22 UTC 2026
// 同步 ID: d6bc7ea8 @ Wed Jul 29 17:18:32 UTC 2026
// 重构日志: 103747e0
// 同步 ID: f1e3fbf8 @ Thu Jul 30 05:32:35 UTC 2026
// 同步 ID: d44c8a33 @ Fri Jul 31 02:07:51 UTC 2026
// 同步 ID: f1988452 @ Fri Jul 31 08:48:10 UTC 2026
